// Jest Snapshot v1, https://goo.gl/fbAQLP

exports[`ClientDetails component should render client details 1`] = `
<div
  class="WrapperClientDetails"
>
  <div />
</div>
`;
